[2026-Jul-05 21:42:04] [debug] --------------------------------------------------------------------------------
[2026-Jul-05 21:42:04] [debug] nrfjprog --recover --coprocessor CP_APPLICATION --log 
[2026-Jul-05 21:42:04] [debug] nrfjprog version 10.24.2 external
[2026-Jul-05 21:42:04] [debug] --------------------------------------------------------------------------------
[2026-Jul-05 21:42:04] [ info] Load library at /Applications/Nordic Semiconductor/lib/libnrfjprogdll.dylib.
[2026-Jul-05 21:42:04] [ info] Library loaded, loading member functions.
[2026-Jul-05 21:42:04] [ info] Member functions succesfully loaded.
[2026-Jul-05 21:42:04] [debug] [ Client] - open
[2026-Jul-05 21:42:04] [debug] [ Client] - start
[2026-Jul-05 21:42:04] [ info] [ Client] - stdout: Jlinkarm nRF Worker ready. Handling sequence deae68d0-a62f-4c18-b530-cd441fc4fc10.
[2026-Jul-05 21:42:04] [debug] [SeggerBackend] - Logger sink registered in Segger backend logger
[2026-Jul-05 21:42:04] [debug] [  JLink] - Logger sink registered in JLink logger
[2026-Jul-05 21:42:04] [debug] [  nRFXX] - open
[2026-Jul-05 21:42:04] [debug] [  nRFXX] - just_check_family
[2026-Jul-05 21:42:04] [debug] [SeggerBackend] - open_dll
[2026-Jul-05 21:42:04] [debug] [SeggerBackend] - No J-Link DLL path was provided. Attempting to auto detect.
[2026-Jul-05 21:42:04] [ info] [SeggerBackend] - Load library at /Applications/SEGGER/JLink/libjlinkarm.9.24.1.dylib.
[2026-Jul-05 21:42:04] [ info] [SeggerBackend] - Library loaded, loading member functions.
[2026-Jul-05 21:42:04] [ info] [SeggerBackend] - Member functions succesfully loaded.
[2026-Jul-05 21:42:04] [debug] [SeggerBackend] - Set batch mode
[2026-Jul-05 21:42:04] [error] [SeggerBackend] - JLinkARM.dll reported error -256 at line 736.
[2026-Jul-05 21:42:04] [debug] [SeggerBackend] - dll_version
[2026-Jul-05 21:42:04] [error] [SeggerBackend] - JLinkARM.dll reported error -256 at line 629.
[2026-Jul-05 21:42:04] [ info] [SeggerBackend] - Segger dll version 9.24.a loaded.
[2026-Jul-05 21:42:04] [trace] [ Worker] - Command open executed for 2 milliseconds with result 0
[2026-Jul-05 21:42:04] [trace] [ Client] - Command open executed for 12 milliseconds with result 0
[2026-Jul-05 21:42:04] [debug] [ Client] - config
[2026-Jul-05 21:42:04] [trace] [ Client] - Command config executed for 6 milliseconds with result 0
[2026-Jul-05 21:42:04] [debug] [ Client] - enum_emu_snr
[2026-Jul-05 21:42:04] [debug] [  nRFXX] - config
[2026-Jul-05 21:42:04] [debug] [SeggerBackend] - enum_emu_snr
[2026-Jul-05 21:42:04] [trace] [ Worker] - Command config executed for 1 milliseconds with result 0
[2026-Jul-05 21:42:04] [debug] [  nRFXX] - enum_emu_con_info
[2026-Jul-05 21:42:04] [debug] [SeggerBackend] - is_connected_to_emu
[2026-Jul-05 21:42:04] [error] [SeggerBackend] - JLinkARM.dll reported error -256 at line 3139.
[2026-Jul-05 21:42:04] [debug] [SeggerBackend] - enum_emu_con_info
[2026-Jul-05 21:42:04] [error] [SeggerBackend] - JLinkARM.dll reported error -256 at line 911.
[2026-Jul-05 21:42:04] [debug] [SeggerBackend] - is_connected_to_emu
[2026-Jul-05 21:42:04] [error] [SeggerBackend] - JLinkARM.dll reported error -256 at line 3139.
[2026-Jul-05 21:42:04] [trace] [ Worker] - Command enum_emu_con_info executed for 6 milliseconds with result 0
[2026-Jul-05 21:42:04] [trace] [ Client] - Command enum_emu_con_info executed for 12 milliseconds with result 0
[2026-Jul-05 21:42:04] [debug] [ Client] - connect_to_emu_with_snr
[2026-Jul-05 21:42:04] [debug] [  nRFXX] - connect_to_emu_with_snr
[2026-Jul-05 21:42:04] [debug] [SeggerBackend] - is_connected_to_emu
[2026-Jul-05 21:42:04] [error] [SeggerBackend] - JLinkARM.dll reported error -256 at line 3139.
[2026-Jul-05 21:42:04] [debug] [SeggerBackend] - connect_to_emu_with_snr
[2026-Jul-05 21:42:04] [debug] [SeggerBackend] - is_connected_to_emu
[2026-Jul-05 21:42:04] [error] [SeggerBackend] - JLinkARM.dll reported error -256 at line 3139.
[2026-Jul-05 21:42:04] [debug] [SeggerBackend] - ---just_enum_emu_snr
[2026-Jul-05 21:42:04] [debug] [SeggerBackend] - ---just_get_num_emus
[2026-Jul-05 21:42:04] [error] [SeggerBackend] - JLinkARM.dll reported error -256 at line 3087.
[2026-Jul-05 21:42:04] [error] [SeggerBackend] - JLinkARM.dll reported error -256 at line 3112.
[2026-Jul-05 21:42:04] [debug] [SeggerBackend] - ---just_connect_to_emu_with_snr
[2026-Jul-05 21:42:04] [error] [SeggerBackend] - JLinkARM.dll reported error -256 at line 3349.
[2026-Jul-05 21:42:04] [debug] [SeggerBackend] - ---just_connect_to_emu_without_snr
[2026-Jul-05 21:42:04] [debug] [SeggerBackend] - Segger logging enabled.
[2026-Jul-05 21:42:04] [error] [SeggerBackend] - JLinkARM.dll reported error -256 at line 3160.
[2026-Jul-05 21:42:04] [error] [SeggerBackend] - JLinkARM.dll reported error -256 at line 3176.
[2026-Jul-05 21:42:04] [trace] [  JLink] - Firmware: J-Link EDU Mini V2 compiled May 13 2026 10:37:23
[2026-Jul-05 21:42:04] [trace] [  JLink] - Firmware: J-Link EDU Mini V2 compiled May 13 2026 10:37:23
[2026-Jul-05 21:42:04] [trace] [  JLink] - Hardware: V2.00
[2026-Jul-05 21:42:04] [trace] [  JLink] - S/N: 802003156
[2026-Jul-05 21:42:04] [trace] [  JLink] - OEM: SEGGER
[2026-Jul-05 21:42:04] [trace] [  JLink] - Feature(s): FlashBP, GDB
[2026-Jul-05 21:42:04] [trace] [  JLink] - Bootloader: 2024 Aug 29
[2026-Jul-05 21:42:04] [trace] [  JLink] - USB speed mode: Full speed (12 MBit/s)
[2026-Jul-05 21:42:04] [trace] [  JLink] - TELNET listener socket opened on port 19021
[2026-Jul-05 21:42:04] [trace] [  JLink] - WEBSRV WEBSRV_Init(): Starting webserver thread(s)
[2026-Jul-05 21:42:04] [trace] [  JLink] - WEBSRV Webserver running on local port 19080
[2026-Jul-05 21:42:04] [trace] [  JLink] - Looking for J-Link GUI Server exe at: /Applications/SEGGER/JLink_V924a/JLinkGUIServerExe 
[2026-Jul-05 21:42:04] [trace] [  JLink] - Forking J-Link GUI Server: /Applications/SEGGER/JLink_V924a/JLinkGUIServerExe 
[2026-Jul-05 21:42:04] [trace] [  JLink] - J-Link GUI Server info: "J-Link GUI server V9.24a " 
[2026-Jul-05 21:42:04] [trace] [  JLink] - Device "CORTEX-M4" selected.
[2026-Jul-05 21:42:04] [trace] [  JLink] - - 203.833ms returns 0x00  
[2026-Jul-05 21:42:04] [trace] [  JLink] - JLINK_HasError()  
[2026-Jul-05 21:42:04] [trace] [  JLink] - JLINK_OpenEx(...)  
[2026-Jul-05 21:42:04] [trace] [  JLink] - Firmware: J-Link EDU Mini V2 compiled May 13 2026 10:37:23
[2026-Jul-05 21:42:04] [trace] [  JLink] - Firmware: J-Link EDU Mini V2 compiled May 13 2026 10:37:23
[2026-Jul-05 21:42:04] [trace] [  JLink] - Hardware: V2.00
[2026-Jul-05 21:42:04] [trace] [  JLink] - S/N: 802003156
[2026-Jul-05 21:42:04] [trace] [  JLink] - OEM: SEGGER
[2026-Jul-05 21:42:04] [trace] [  JLink] - Feature(s): FlashBP, GDB
[2026-Jul-05 21:42:04] [trace] [  JLink] - Bootloader: 2024 Aug 29
[2026-Jul-05 21:42:04] [trace] [  JLink] - USB speed mode: Full speed (12 MBit/s)
[2026-Jul-05 21:42:04] [trace] [  JLink] - TELNET listener socket opened on port 19021
[2026-Jul-05 21:42:04] [trace] [  JLink] - WEBSRV WEBSRV_Init(): Starting webserver thread(s)
[2026-Jul-05 21:42:04] [trace] [  JLink] - WEBSRV Webserver running on local port 19080
[2026-Jul-05 21:42:04] [trace] [  JLink] - Looking for J-Link GUI Server exe at: /Applications/SEGGER/JLink_V924a/JLinkGUIServerExe 
[2026-Jul-05 21:42:04] [trace] [  JLink] - Forking J-Link GUI Server: /Applications/SEGGER/JLink_V924a/JLinkGUIServerExe 
[2026-Jul-05 21:42:04] [error] [ Client] - Encountered error -12: Command connect_to_emu_with_snr executed for 271 milliseconds with result -12
[2026-Jul-05 21:42:04] [trace] [  JLink] - J-Link GUI Server info: "J-Link GUI server V9.24a " 
[2026-Jul-05 21:42:04] [trace] [  JLink] - - 32.415ms returns "O.K."  
[2026-Jul-05 21:42:04] [trace] [  JLink] - JLINK_HasError()  
[2026-Jul-05 21:42:04] [trace] [  JLink] - JLINK_Lock()  
[2026-Jul-05 21:42:04] [trace] [  JLink] - JLINK_ExecCommand("SetRestartOnClose = 0", ...).   
[2026-Jul-05 21:42:04] [trace] [  JLink] - - 0.005ms returns 0x01  
[2026-Jul-05 21:42:04] [trace] [  JLink] - JLINK_HasError()  
[2026-Jul-05 21:42:04] [trace] [  JLink] - JLINK_ExecCommand("DisableFlashDL", ...).   
[2026-Jul-05 21:42:04] [trace] [  JLink] - - 0.004ms returns 0x00  
[2026-Jul-05 21:42:04] [trace] [  JLink] - JLINK_HasError()  
[2026-Jul-05 21:42:04] [trace] [  JLink] - JLINK_ExecCommand("ExcludeFlashCacheRange 0x0-0xFFFFFFFF", ...).   
[2026-Jul-05 21:42:04] [trace] [  JLink] - - 0.004ms returns 0x00  
[2026-Jul-05 21:42:04] [trace] [  JLink] - JLINK_HasError()  
[2026-Jul-05 21:42:04] [trace] [  JLink] - JLINK_SetHookUnsecureDialog  
[2026-Jul-05 21:42:04] [trace] [  JLink] - JLINK_SetHookUnsecureDialog(...)
[2026-Jul-05 21:42:04] [trace] [  JLink] - - 0.003ms returns 0  
[2026-Jul-05 21:42:04] [trace] [  JLink] - JLINK_HasError()  
[2026-Jul-05 21:42:04] [trace] [  JLink] - JLINK_TIF_Select(JLINKARM_TIF_SWD)  
[2026-Jul-05 21:42:04] [trace] [  JLink] - - 0.679ms returns 0x00  
[2026-Jul-05 21:42:04] [trace] [  JLink] - JLINK_HasError()  
[2026-Jul-05 21:42:04] [trace] [  JLink] - JLINK_GetSpeedInfo()  
[2026-Jul-05 21:42:04] [trace] [  JLink] - 96000000 Hz / n, n >= 24
[2026-Jul-05 21:42:04] [trace] [  JLink] - - 0.002ms   
[2026-Jul-05 21:42:04] [trace] [  JLink] - JLINK_HasError()  
[2026-Jul-05 21:42:04] [debug] [SeggerBackend] - Connected emulator supports SWD speeds up to 4000kHz
[2026-Jul-05 21:42:04] [trace] [  JLink] - JLINK_SetSpeed(2000)  
[2026-Jul-05 21:42:04] [trace] [  JLink] - - 0.066ms   
[2026-Jul-05 21:42:04] [trace] [  JLink] - JLINK_HasError()  
[2026-Jul-05 21:42:04] [trace] [  JLink] - JLINK_GetSpeed()  
[2026-Jul-05 21:42:04] [trace] [  JLink] - - 0.000ms returns 2000  
[2026-Jul-05 21:42:04] [trace] [  JLink] - JLINK_HasError()  
[2026-Jul-05 21:42:04] [debug] [SeggerBackend] - SWD clock set to 2000kHz
[2026-Jul-05 21:42:04] [trace] [  JLink] - JLINK_GetSN()  
[2026-Jul-05 21:42:04] [trace] [  JLink] - - 0.000ms returns 802003156  
[2026-Jul-05 21:42:04] [trace] [  JLink] - JLINK_HasError()  
[2026-Jul-05 21:42:04] [trace] [  JLink] - - 0.005ms   
[2026-Jul-05 21:42:04] [debug] [  nRFXX] - read_device_family
[2026-Jul-05 21:42:04] [debug] [  nRFXX] - read_device_family
[2026-Jul-05 21:42:04] [debug] [SeggerBackend] - is_connected_to_emu
[2026-Jul-05 21:42:04] [trace] [  JLink] - JLINK_IsOpen()  
[2026-Jul-05 21:42:04] [trace] [  JLink] - - 0.001ms returns 0x01  
[2026-Jul-05 21:42:04] [trace] [  JLink] - JLINK_HasError()  
[2026-Jul-05 21:42:04] [trace] [  JLink] - JLINK_Lock()  
[2026-Jul-05 21:42:04] [debug] [SeggerBackend] - is_connected_to_emu
[2026-Jul-05 21:42:04] [debug] [SeggerBackend] - read_debug_port_idr
[2026-Jul-05 21:42:04] [debug] [SeggerBackend] - read_debug_port_register
[2026-Jul-05 21:42:04] [debug] [SeggerBackend] - ---just_read_debug_port_register
[2026-Jul-05 21:42:04] [debug] [SeggerBackend] - coresight_configure
[2026-Jul-05 21:42:04] [trace] [  JLink] - JLINK_GetHWStatus(...)  
[2026-Jul-05 21:42:04] [trace] [  JLink] - - 0.218ms returns 0  
[2026-Jul-05 21:42:04] [trace] [  JLink] - JLINK_HasError()  
[2026-Jul-05 21:42:04] [trace] [  JLink] - - 0.001ms   
[2026-Jul-05 21:42:04] [trace] [  JLink] - JLINK_Close()  
[2026-Jul-05 21:42:04] [trace] [ Client] - Command close executed for 17 milliseconds with result 0
[2026-Jul-05 21:42:04] [debug] [ Client] - terminate
[2026-Jul-05 21:42:04] [debug] [SeggerBackend] - is_connected_to_emu
[2026-Jul-05 21:42:04] [error] [SeggerBackend] - JLinkARM.dll reported error -256 at line 3139.
[2026-Jul-05 21:42:04] [debug] [SeggerBackend] - is_connected_to_emu
[2026-Jul-05 21:42:04] [error] [SeggerBackend] - JLinkARM.dll reported error -256 at line 3139.
[2026-Jul-05 21:42:04] [debug] [SeggerBackend] - is_connected_to_emu
[2026-Jul-05 21:42:04] [error] [SeggerBackend] - JLinkARM.dll reported error -256 at line 3139.
[2026-Jul-05 21:42:04] [error] [ Worker] - Low voltage 0 detected in target device.
[2026-Jul-05 21:42:04] [trace] [ Worker] - Command connect_to_emu_with_snr executed for 268 milliseconds with result -12
[2026-Jul-05 21:42:04] [debug] [  nRFXX] - close
[2026-Jul-05 21:42:04] [debug] [SeggerBackend] - is_connected_to_emu
[2026-Jul-05 21:42:04] [error] [SeggerBackend] - JLinkARM.dll reported error -256 at line 3139.
[2026-Jul-05 21:42:04] [debug] [SeggerBackend] - close
[2026-Jul-05